>>> print_square = __import__('4-print_square').print_square

'size is a str'
>>> print_square("tow")
Traceback (most recent call last):
	  ...
TypeError: size must be an integer

'size is a list'
>>> print_square([1, 2, 3])
Traceback (most recent call last):
	  ...
TypeError: size must be an integer

'size is a touple'
>>> print_square((1, 2, 3))
Traceback (most recent call last):
	  ...
TypeError: size must be an integer

'size is float and less than 0'
>>> print_square(-1.2)
Traceback (most recent call last):
	  ...
TypeError: size must be an integer

'size is int and less than 0'
>>> print_square(-1)
Traceback (most recent call last):
	  ...
ValueError: size must be >= 0

'size is integer greater than 0'
>>> print_square(4)
####
####
####
####

'size empty, without arguments"
>>> print_square()
Traceback (most recent call last):
	  ...
TypeError: print_square() missing 1 required positional argument: 'size'
