>>> text_indentation = __import__('5-text_indentation').text_indentation

'two chars together'
>>> text_indentation("Hello.?beautiful:.world!")
Hello.
<BLANKLINE>
?
<BLANKLINE>
beautiful:
<BLANKLINE>
.
<BLANKLINE>
world!

'text is an int'
>>> text_indentation(4)
Traceback (most recent call last):
...
TypeError: text must be a string

'text is a list'
>>> text_indentation(["hello", "text", "go"])
Traceback (most recent call last):
...
TypeError: text must be a string

'texts is empty. Without argument'
>>> text_indentation()
Traceback (most recent call last):
...
TypeError: text_indentation() missing 1 required positional argument: 'text'
